$ gufi_ls
1KB
1MB
directory
empty_file
file_symlink
leaf_directory
old_file
repeat_name
unusual#? directory ,

$ gufi_ls -a
.hidden
1KB
1MB
directory
empty_file
file_symlink
leaf_directory
old_file
repeat_name
unusual#? directory ,

$ gufi_ls -h
1KB
1MB
directory
empty_file
file_symlink
leaf_directory
old_file
repeat_name
unusual#? directory ,

$ gufi_ls -R
1KB
1MB
directory
directory/executable
directory/readonly
directory/subdirectory
directory/subdirectory/directory_symlink
directory/subdirectory/repeat_name
directory/writable
empty_file
file_symlink
leaf_directory
leaf_directory/leaf_file1
leaf_directory/leaf_file2
old_file
repeat_name
unusual#? directory ,
unusual#? directory ,/unusual, name?#

$ gufi_ls -r
unusual#? directory ,
repeat_name
old_file
leaf_directory
file_symlink
empty_file
directory
1MB
1KB

$ gufi_ls -ar
unusual#? directory ,
repeat_name
old_file
leaf_directory
file_symlink
empty_file
directory
1MB
1KB
.hidden

$ gufi_ls -arR
unusual#? directory ,/unusual, name?#
unusual#? directory ,
repeat_name
old_file
leaf_directory/leaf_file2
leaf_directory/leaf_file1
leaf_directory
file_symlink
empty_file
directory/writable
directory/subdirectory/repeat_name
directory/subdirectory/directory_symlink
directory/subdirectory
directory/readonly
directory/executable
directory
1MB
1KB
.hidden

