$ gufi_stats    depth
0

$ gufi_stats -r depth
prefix 0
directory 1
directory/subdirectory 2
leaf_directory 1
unusual#? directory , 1

$ gufi_stats    filesize
1049617

$ gufi_stats -r filesize
prefix 1049617
directory 6
directory/subdirectory 4
leaf_directory 13
unusual#? directory , 9

$ gufi_stats    filecount
6

$ gufi_stats -r filecount
prefix 6
directory 3
directory/subdirectory 1
leaf_directory 2
unusual#? directory , 1

$ gufi_stats    linkcount
1

$ gufi_stats -r linkcount
prefix 1
directory 0
directory/subdirectory 1
leaf_directory 0
unusual#? directory , 0

$ gufi_stats    total-filesize
1001 1049649

$ gufi_stats -c total-filesize
1049649

$ gufi_stats    total-filecount
1001 13

$ gufi_stats -c total-filecount
13

$ gufi_stats    total-linkcount
1001 2

$ gufi_stats -c total-linkcount
2

$ gufi_stats    dircount
3

$ gufi_stats -r dircount
prefix 3
directory 1
directory/subdirectory 0
leaf_directory 0
unusual#? directory , 0

$ gufi_stats    total-dircount
1001 4

$ gufi_stats -c total-dircount
5

$ gufi_stats    files-per-level
1001 0 6
1001 1 6
1001 2 1

$ gufi_stats -c files-per-level
0 6
1 6
2 1

$ gufi_stats    links-per-level
1001 0 1
1001 2 1

$ gufi_stats -c links-per-level
0 1
2 1

$ gufi_stats    dirs-per-level
1001 0 1
1001 1 3
1001 2 1

$ gufi_stats -c dirs-per-level
0 1
1 3
2 1

$ gufi_stats    extensions
1KB 1
1MB 1
empty_file 1
file_symlink 1
hidden 1
old_file 1
repeat_name 1

$ gufi_stats -c extensions
1KB 1
1MB 1
directory_symlink 1
empty_file 1
executable 1
file_symlink 1
hidden 1
leaf_file1 1
leaf_file2 1
old_file 1
readonly 1
repeat_name 2
unusual, name?# 1
writable 1

$ gufi_stats    duplicate-names
repeat_name prefix
repeat_name directory/subdirectory

$ gufi_stats uid-size --order ASC
1001 0 empty_file
1001 1 directory/executable
1001 2 directory/readonly
1001 3 directory/writable
1001 4 repeat_name
1001 4 directory/subdirectory/repeat_name
1001 5 .hidden
1001 6 leaf_directory/leaf_file1
1001 7 leaf_directory/leaf_file2
1001 8 old_file
1001 9 unusual#? directory ,/unusual, name?#
1001 1024 1KB
1001 1048576 1MB

$ gufi_stats uid-size --num-results 6 --order ASC
1001 0 empty_file
1001 1 directory/executable
1001 2 directory/readonly
1001 3 directory/writable
1001 4 repeat_name
1001 4 directory/subdirectory/repeat_name

$ gufi_stats uid-size --order DESC
1001 1048576 1MB
1001 1024 1KB
1001 9 unusual#? directory ,/unusual, name?#
1001 8 old_file
1001 7 leaf_directory/leaf_file2
1001 6 leaf_directory/leaf_file1
1001 5 .hidden
1001 4 repeat_name
1001 4 directory/subdirectory/repeat_name
1001 3 directory/writable
1001 2 directory/readonly
1001 1 directory/executable
1001 0 empty_file

$ gufi_stats uid-size --num-results 6 --order DESC
1001 1048576 1MB
1001 1024 1KB
1001 9 unusual#? directory ,/unusual, name?#
1001 8 old_file
1001 7 leaf_directory/leaf_file2
1001 6 leaf_directory/leaf_file1

$ gufi_stats gid-size --order ASC
1001 0 empty_file
1001 1 directory/executable
1001 2 directory/readonly
1001 3 directory/writable
1001 4 repeat_name
1001 4 directory/subdirectory/repeat_name
1001 5 .hidden
1001 6 leaf_directory/leaf_file1
1001 7 leaf_directory/leaf_file2
1001 8 old_file
1001 9 unusual#? directory ,/unusual, name?#
1001 1024 1KB
1001 1048576 1MB

$ gufi_stats gid-size --num-results 6 --order ASC
1001 0 empty_file
1001 1 directory/executable
1001 2 directory/readonly
1001 3 directory/writable
1001 4 repeat_name
1001 4 directory/subdirectory/repeat_name

$ gufi_stats gid-size --order DESC
1001 1048576 1MB
1001 1024 1KB
1001 9 unusual#? directory ,/unusual, name?#
1001 8 old_file
1001 7 leaf_directory/leaf_file2
1001 6 leaf_directory/leaf_file1
1001 5 .hidden
1001 4 repeat_name
1001 4 directory/subdirectory/repeat_name
1001 3 directory/writable
1001 2 directory/readonly
1001 1 directory/executable
1001 0 empty_file

$ gufi_stats gid-size --num-results 6 --order DESC
1001 1048576 1MB
1001 1024 1KB
1001 9 unusual#? directory ,/unusual, name?#
1001 8 old_file
1001 7 leaf_directory/leaf_file2
1001 6 leaf_directory/leaf_file1

$ gufi_stats    leaf-dirs
leaf_directory
unusual#? directory ,

$ gufi_stats -r leaf-dirs
directory/subdirectory
leaf_directory
unusual#? directory ,

$ gufi_stats    leaf-depth
leaf_directory 1
unusual#? directory , 1

$ gufi_stats -r leaf-depth
directory/subdirectory 2
leaf_directory 1
unusual#? directory , 1

$ gufi_stats    leaf-files
leaf_directory 2
unusual#? directory , 1

$ gufi_stats -r leaf-files
directory/subdirectory 1
leaf_directory 2
unusual#? directory , 1

$ gufi_stats    total-leaf-files
1001 4

$ gufi_stats -c total-leaf-files
4

$ gufi_stats    median-leaf-files
1.0

