$ gufi_dir2trace -d "|" -n 2 -x "prefix" "trace"
Creating GUFI Traces trace with 2 threads
Total Dirs:          5
Total Files:         15

Expecting 2 trace files. Found 2.
Expecting 20 lines. Got 20.
Expecting 23 columns per row. Got 23.
Source Directory:
    prefix
    prefix/.hidden
    prefix/1KB
    prefix/1MB
    prefix/directory
    prefix/directory/executable
    prefix/directory/readonly
    prefix/directory/subdirectory
    prefix/directory/subdirectory/directory_symlink
    prefix/directory/subdirectory/repeat_name
    prefix/directory/writable
    prefix/empty_file
    prefix/file_symlink
    prefix/leaf_directory
    prefix/leaf_directory/leaf_file1
    prefix/leaf_directory/leaf_file2
    prefix/old_file
    prefix/repeat_name
    prefix/unusual#?
    prefix/unusual#?
Trace File:
    prefix
    prefix/.hidden
    prefix/1KB
    prefix/1MB
    prefix/directory
    prefix/directory/executable
    prefix/directory/readonly
    prefix/directory/subdirectory
    prefix/directory/subdirectory/directory_symlink
    prefix/directory/subdirectory/repeat_name
    prefix/directory/writable
    prefix/empty_file
    prefix/file_symlink
    prefix/leaf_directory
    prefix/leaf_directory/leaf_file1
    prefix/leaf_directory/leaf_file2
    prefix/old_file
    prefix/repeat_name
    prefix/unusual#?
    prefix/unusual#?

$ mkdir "prefix.0"

# target is directory
$ gufi_dir2trace -d "|" -n 2 "prefix" "prefix"
"prefix.0" Already exists!
Destination path is not a file "prefix.0"

$ rm -r "prefix.0"

# source path is file
$ gufi_dir2trace -d "|" -n 2 "prefix/1KB" "trace"
"trace.0" Already exists!
"trace.1" Already exists!
Source path is not a directory "prefix/1KB"
Creating GUFI Traces trace with 2 threads
Total Dirs:          0
Total Files:         0

# empty source path
$ gufi_dir2trace -d "|" -n 2 "" "trace"
Could not resolve path "": No such file or directory (2)
Creating GUFI Traces trace with 2 threads
Total Dirs:          0
Total Files:         0

# bad skip file
$ gufi_dir2trace -d "|" -n 2 -k "trace" "prefix" "trace"
Error: Cannot open skip file "trace"

